###############################################################################
#
# IAR ELF Linker V8.40.2.214/W32 for ARM                  10/Dec/2020  19:04:24
# Copyright 2007-2019 IAR Systems AB.
#
#    Output file  =
#        C:\Users\Николаос\Documents\MyIARprojects\Kproject7\Debug\Exe\lab4.out
#    Map file     =
#        C:\Users\Николаос\Documents\MyIARprojects\Kproject7\Debug\List\lab4.map
#    Command line =
#        -f C:\Users\D13C~1\AppData\Local\Temp\EW366C.tmp
#        (C:\Users\Николаос\Documents\MyIARprojects\Kproject7\Debug\Obj\main.o
#        C:\Users\Николаос\Documents\MyIARprojects\Kproject7\Debug\Obj\startup.o
#        --no_out_extension -o
#        C:\Users\Николаос\Documents\MyIARprojects\Kproject7\Debug\Exe\lab4.out
#        --map
#        C:\Users\Николаос\Documents\MyIARprojects\Kproject7\Debug\List\lab4.map
#        --config "C:\Program Files (x86)\IAR Systems\Embedded Workbench
#        8.3\arm\config\linker\ST\stm32f411xE.icf" --semihosting --entry
#        __iar_program_start --vfe --text_out locale)
#
###############################################################################

*******************************************************************************
*** RUNTIME MODEL ATTRIBUTES
***

CppFlavor        = *
__CPP_Exceptions = Disabled
__CPP_Language   = C++14
__SystemLibrary  = DLib
__dlib_version   = 6


*******************************************************************************
*** HEAP SELECTION
***

The basic heap was selected because no calls to memory allocation
functions were found in the application outside of system library
functions, and there are calls to deallocation functions in the
application.


*******************************************************************************
*** PLACEMENT SUMMARY
***

"A0":  place at address 0x800'0000 { ro section .intvec };
"P1":  place in [from 0x800'0000 to 0x807'ffff] { ro };
define block CSTACK with size = 8K, alignment = 8 { };
define block HEAP with size = 8K, alignment = 8 { };
"P2":  place in [from 0x2000'0000 to 0x2001'ffff] {
          rw, block CSTACK, block HEAP };
initialize by copy { rw };

  Section            Kind         Address    Size  Object
  -------            ----         -------    ----  ------
"A0":                                       0x110
  .intvec            const     0x800'0000   0x110  startup.o [1]
                             - 0x800'0110   0x110

"P1":                                       0x484
  .text              ro code   0x800'0110   0x110  main.o [1]
  .text              ro code   0x800'0220    0x10  main.o [1]
  .text              ro code   0x800'0230    0x10  main.o [1]
  .text              ro code   0x800'0240    0x10  main.o [1]
  .text              ro code   0x800'0250     0xa  main.o [1]
  .text              ro code   0x800'025a     0xc  main.o [1]
  .text              ro code   0x800'0266     0xc  main.o [1]
  .text              ro code   0x800'0272     0xa  main.o [1]
  .text              ro code   0x800'027c    0x14  main.o [1]
  .text              ro code   0x800'0290     0xc  main.o [1]
  .text              ro code   0x800'029c     0xc  main.o [1]
  .text              ro code   0x800'02a8    0x14  main.o [1]
  .text              ro code   0x800'02bc     0xc  main.o [1]
  .text              ro code   0x800'02c8     0xc  main.o [1]
  .text              ro code   0x800'02d4     0x8  main.o [1]
  .text              ro code   0x800'02dc     0x8  main.o [1]
  .text              ro code   0x800'02e4    0x24  main.o [1]
  .text              ro code   0x800'0308     0x8  main.o [1]
  .text              ro code   0x800'0310    0x14  main.o [1]
  .text              ro code   0x800'0324    0x3c  main.o [1]
  .text              ro code   0x800'0360     0xc  main.o [1]
  .text              ro code   0x800'036c     0xc  main.o [1]
  .text              ro code   0x800'0378    0x14  main.o [1]
  .text              ro code   0x800'038c    0x14  main.o [1]
  .text              ro code   0x800'03a0    0x20  main.o [1]
  .text              ro code   0x800'03c0    0x20  main.o [1]
  .text              ro code   0x800'03e0    0x20  main.o [1]
  .text              ro code   0x800'0400    0x20  main.o [1]
  .text              ro code   0x800'0420    0x18  main.o [1]
  .text              ro code   0x800'0438     0xe  main.o [1]
  .text              ro code   0x800'0446    0x2e  copy_init3.o [4]
  .text              ro code   0x800'0474    0x10  main.o [1]
  .text              ro code   0x800'0484    0x10  main.o [1]
  .text              ro code   0x800'0494     0xc  main.o [1]
  .text              ro code   0x800'04a0     0xc  main.o [1]
  .text              ro code   0x800'04ac     0xc  main.o [1]
  .text              ro code   0x800'04b8     0xc  main.o [1]
  .text              ro code   0x800'04c4     0x8  main.o [1]
  .text              ro code   0x800'04cc     0xc  main.o [1]
  .text              ro code   0x800'04d8    0x28  data_init.o [4]
  .text              ro code   0x800'0500    0x22  fpinit_M.o [3]
  .iar.init_table    const     0x800'0524    0x14  - Linker created -
  .text              ro code   0x800'0538     0x2  startup.o [1]
  .text              ro code   0x800'053c    0x1e  cmain.o [4]
  .text              ro code   0x800'055a     0x4  exit.o [2]
  .rodata            const     0x800'055e     0x1  unwind_debug.o [5]
  .text              ro code   0x800'0560     0xa  cexit.o [4]
  .text              ro code   0x800'056c    0x14  exit.o [5]
  .text              ro code   0x800'0580    0x10  startup.o [1]
  Initializer bytes  const     0x800'0590     0x4  <for P2-1>
  .rodata            const     0x800'0594     0x0  copy_init3.o [4]
                             - 0x800'0594   0x484

"P2", part 1 of 2:                            0x4
  P2-1                        0x2000'0000     0x4  <Init block>
    .data            inited   0x2000'0000     0x2  main.o [1]
    .data            inited   0x2000'0002     0x1  main.o [1]
    .data            inited   0x2000'0003     0x1  main.o [1]
                            - 0x2000'0004     0x4

"P2", part 2 of 2:                         0x2000
  CSTACK                      0x2000'0008  0x2000  <Block>
    CSTACK           uninit   0x2000'0008  0x2000  <Block tail>
                            - 0x2000'2008  0x2000

Unused ranges:

         From           To      Size
         ----           --      ----
   0x800'0594   0x807'ffff  0x7'fa6c
  0x2000'0004  0x2000'0007       0x4
  0x2000'2008  0x2001'ffff  0x1'dff8


*******************************************************************************
*** INIT TABLE
***

          Address      Size
          -------      ----
Copy (__iar_copy_init3)
    1 source range, total size 0x4:
           0x800'0590   0x4
    1 destination range, total size 0x4:
          0x2000'0000   0x4



*******************************************************************************
*** MODULE SUMMARY
***

    Module          ro code  ro data  rw data
    ------          -------  -------  -------
command line/config:
    -----------------------------------------
    Total:

C:\Users\Николаос\Documents\MyIARprojects\Kproject7\Debug\Obj: [1]
    main.o              922        4        4
    startup.o            18      272
    -----------------------------------------
    Total:              940      276        4

dl7M_tln.a: [2]
    exit.o                4
    -----------------------------------------
    Total:                4

m7M_tls.a: [3]
    fpinit_M.o           34
    -----------------------------------------
    Total:               34

rt7M_tl.a: [4]
    cexit.o              10
    cmain.o              30
    copy_init3.o         46
    data_init.o          40
    -----------------------------------------
    Total:              126

shb_l.a: [5]
    exit.o               20
    unwind_debug.o                 1
    -----------------------------------------
    Total:               20        1

    Gaps                  5        2
    Linker created                20    8'192
---------------------------------------------
    Grand Total:      1'129      299    8'196


*******************************************************************************
*** ENTRY LIST
***

Entry                       Address   Size  Type      Object
-----                       -------   ----  ----      ------
.iar.init_table$$Base    0x800'0524          --   Gb  - Linker created -
.iar.init_table$$Limit   0x800'0538          --   Gb  - Linker created -
?main                    0x800'053d         Code  Gb  cmain.o [4]
Button<Pin<Port<GPIOC>, (unsigned char)13>>::Enable()
                         0x800'0309    0x8  Code  Gb  main.o [1]
Button<Pin<Port<GPIOC>, (unsigned char)13>>::WasPressed()
                         0x800'0325   0x3c  Code  Gb  main.o [1]
CSTACK$$Base            0x2000'0008          --   Gb  - Linker created -
CSTACK$$Limit           0x2000'2008          --   Gb  - Linker created -
InterruptHandler::DummyHandler()
                         0x800'0539    0x2  Code  Gb  startup.o [1]
Leds<Pin<Port<GPIOA>, (unsigned char)5>, Pin<Port<GPIOC>, (unsigned char)9>, Pin<Port<GPIOC>, (unsigned char)8>, Pin<Port<GPIOC>, (unsigned char)5>>::Enable()
                         0x800'02e5   0x24  Code  Gb  main.o [1]
MyXmasTim5InterruptHandler()
                         0x800'0111   0x7a  Code  Gb  main.o [1]
MyXmasTim5InterruptHandler()::counterLedNum
                        0x2000'0002    0x1  Data  Lc  main.o [1]
Pin<Port<GPIOA>, (unsigned char)5>::SelectOutputMode()
                         0x800'03a1   0x20  Code  Gb  main.o [1]
Pin<Port<GPIOA>, (unsigned char)5>::Toggle()
                         0x800'0251    0xa  Code  Gb  main.o [1]
Pin<Port<GPIOC>, (unsigned char)13>::IsSet()
                         0x800'0439    0xe  Code  Gb  main.o [1]
Pin<Port<GPIOC>, (unsigned char)13>::SelectInputMode()
                         0x800'0421   0x18  Code  Gb  main.o [1]
Pin<Port<GPIOC>, (unsigned char)5>::SelectOutputMode()
                         0x800'0401   0x20  Code  Gb  main.o [1]
Pin<Port<GPIOC>, (unsigned char)5>::Toggle()
                         0x800'0273    0xa  Code  Gb  main.o [1]
Pin<Port<GPIOC>, (unsigned char)8>::SelectOutputMode()
                         0x800'03e1   0x20  Code  Gb  main.o [1]
Pin<Port<GPIOC>, (unsigned char)8>::Toggle()
                         0x800'0267    0xc  Code  Gb  main.o [1]
Pin<Port<GPIOC>, (unsigned char)9>::SelectOutputMode()
                         0x800'03c1   0x20  Code  Gb  main.o [1]
Pin<Port<GPIOC>, (unsigned char)9>::Toggle()
                         0x800'025b    0xc  Code  Gb  main.o [1]
Port<GPIOA>::Enable()    0x800'02dd    0x8  Code  Gb  main.o [1]
Port<GPIOA>::Toggle(unsigned int)
                         0x800'0361    0xc  Code  Gb  main.o [1]
Port<GPIOC>::Enable()    0x800'02d5    0x8  Code  Gb  main.o [1]
Port<GPIOC>::Get()       0x800'04c5    0x8  Code  Gb  main.o [1]
Port<GPIOC>::Toggle(unsigned int)
                         0x800'036d    0xc  Code  Gb  main.o [1]
Region$$Table$$Base      0x800'0524          --   Gb  - Linker created -
Region$$Table$$Limit     0x800'0538          --   Gb  - Linker created -
__cmain                  0x800'053d         Code  Gb  cmain.o [4]
__exit                   0x800'056d   0x14  Code  Gb  exit.o [5]
__iar_copy_init3         0x800'0447   0x2e  Code  Gb  copy_init3.o [4]
__iar_data_init3         0x800'04d9   0x28  Code  Gb  data_init.o [4]
__iar_debug_exceptions   0x800'055e    0x1  Data  Gb  unwind_debug.o [5]
__iar_init_vfp           0x800'0501         Code  Gb  fpinit_M.o [3]
__iar_program_start      0x800'0581   0x10  Code  Gb  startup.o [1]
__low_level_init         0x800'018b   0x2a  Code  Gb  main.o [1]
__vector_table           0x800'0000  0x110  Data  Lc  startup.o [1]
_call_main               0x800'0549         Code  Gb  cmain.o [4]
_exit                    0x800'0561         Code  Gb  cexit.o [4]
_main                    0x800'0557         Code  Gb  cmain.o [4]
bool FieldValueBase<TIM5_DIER_UIE_Values<TIM5::DIER, (unsigned int)0, (unsigned int)1, ReadWriteMode, TIM5::TIM5DIERBase>, TIM5::TIM5DIERBase, (unsigned int)1>::IsSet<ReadWriteMode, void>()
                         0x800'0231   0x10  Code  Gb  main.o [1]
bool FieldValueBase<TIM5_SR_UIF_Values<TIM5::SR, (unsigned int)0, (unsigned int)1, ReadWriteMode, TIM5::TIM5SRBase>, TIM5::TIM5SRBase, (unsigned int)1>::IsSet<ReadWriteMode, void>()
                         0x800'0221   0x10  Code  Gb  main.o [1]
exit                     0x800'055b    0x4  Code  Gb  exit.o [2]
main                     0x800'01b5   0x60  Code  Gb  main.o [1]
main::period            0x2000'0000    0x2  Data  Lc  main.o [1]
main::periodDirection   0x2000'0003    0x1  Data  Lc  main.o [1]
unsigned int RegisterBase<(unsigned int)1073872896, (unsigned int)32, ReadWriteMode>::Get<ReadWriteMode, void>()
                         0x800'0495    0xc  Code  Gb  main.o [1]
unsigned int RegisterBase<(unsigned int)1073874944, (unsigned int)32, ReadWriteMode>::Get<ReadWriteMode, void>()
                         0x800'04ad    0xc  Code  Gb  main.o [1]
unsigned int RegisterBase<(unsigned int)1073874960, (unsigned int)32, ReadMode>::Get<ReadMode, void>()
                         0x800'04cd    0xc  Code  Gb  main.o [1]
void FieldValueBase<RCC_AHB1ENR_DMA2EN_Values<RCC::AHB1ENR, (unsigned int)0, (unsigned int)1, ReadWriteMode, RCC::RCCAHB1ENRBase>, RCC::RCCAHB1ENRBase, (unsigned int)1>::Set<ReadWriteMode, void>()
                         0x800'038d   0x14  Code  Gb  main.o [1]
void FieldValueBase<RCC_AHB1ENR_DMA2EN_Values<RCC::AHB1ENR, (unsigned int)2, (unsigned int)1, ReadWriteMode, RCC::RCCAHB1ENRBase>, RCC::RCCAHB1ENRBase, (unsigned int)1>::Set<ReadWriteMode, void>()
                         0x800'0379   0x14  Code  Gb  main.o [1]
void FieldValueBase<RCC_AHB1ENR_DMA2EN_Values<RCC::APB1ENR, (unsigned int)3, (unsigned int)1, ReadWriteMode, RCC::RCCAPB1ENRBase>, RCC::RCCAPB1ENRBase, (unsigned int)1>::Set<ReadWriteMode, void>()
                         0x800'027d   0x14  Code  Gb  main.o [1]
void FieldValueBase<TIM5_CR1_CEN_Values<TIM5::CR1, (unsigned int)0, (unsigned int)1, ReadWriteMode, TIM5::TIM5CR1Base>, TIM5::TIM5CR1Base, (unsigned int)1>::Set<ReadWriteMode, void>()
                         0x800'0311   0x14  Code  Gb  main.o [1]
void FieldValueBase<TIM5_DIER_UIE_Values<TIM5::DIER, (unsigned int)0, (unsigned int)1, ReadWriteMode, TIM5::TIM5DIERBase>, TIM5::TIM5DIERBase, (unsigned int)1>::Set<ReadWriteMode, void>()
                         0x800'02a9   0x14  Code  Gb  main.o [1]
void FieldValueBase<TIM5_SR_UIF_Values<TIM5::SR, (unsigned int)0, (unsigned int)1, ReadWriteMode, TIM5::TIM5SRBase>, TIM5::TIM5SRBase, (unsigned int)0>::Set<ReadWriteMode, void>()
                         0x800'0241   0x10  Code  Gb  main.o [1]
void RegisterBase<(unsigned int)1073744932, (unsigned int)32, ReadWriteMode>::Write<ReadWriteMode, void>(unsigned int)
                         0x800'02c9    0xc  Code  Gb  main.o [1]
void RegisterBase<(unsigned int)1073744936, (unsigned int)32, ReadWriteMode>::Write<ReadWriteMode, void>(unsigned int)
                         0x800'0291    0xc  Code  Gb  main.o [1]
void RegisterBase<(unsigned int)1073744940, (unsigned int)32, ReadWriteMode>::Write<ReadWriteMode, void>(unsigned int)
                         0x800'02bd    0xc  Code  Gb  main.o [1]
void RegisterBase<(unsigned int)1073872896, (unsigned int)32, ReadWriteMode>::Write<ReadWriteMode, void>(unsigned int)
                         0x800'04a1    0xc  Code  Gb  main.o [1]
void RegisterBase<(unsigned int)1073872916, (unsigned int)32, ReadWriteMode>::Toggle<ReadWriteMode, void>(unsigned int)
                         0x800'0475   0x10  Code  Gb  main.o [1]
void RegisterBase<(unsigned int)1073874944, (unsigned int)32, ReadWriteMode>::Write<ReadWriteMode, void>(unsigned int)
                         0x800'04b9    0xc  Code  Gb  main.o [1]
void RegisterBase<(unsigned int)1073874964, (unsigned int)32, ReadWriteMode>::Toggle<ReadWriteMode, void>(unsigned int)
                         0x800'0485   0x10  Code  Gb  main.o [1]
void RegisterBase<(unsigned int)3758153988, (unsigned int)32, ReadWriteMode>::Write<ReadWriteMode, void>(unsigned int)
                         0x800'029d    0xc  Code  Gb  main.o [1]


[1] = C:\Users\Николаос\Documents\MyIARprojects\Kproject7\Debug\Obj
[2] = dl7M_tln.a
[3] = m7M_tls.a
[4] = rt7M_tl.a
[5] = shb_l.a

  1'129 bytes of readonly  code memory
    299 bytes of readonly  data memory
  8'196 bytes of readwrite data memory

Errors: none
Warnings: none
